[backblue.gif]
[fade.gif]
[index.html]
[www.paylessled.com/img/wpf-favicon.png]
[cdn.rawgit.com/pguso/jquery-plugin-circliful/master/css/jquery.circliful.css]
[www.paylessled.com/img/slider/2.jpg]
[www.paylessled.com/img/slider/3.jpg]
[www.paylessled.com/img/slider/4.jpg]
[www.paylessled.com/img/news.jpg]
[www.paylessled.com/img/notice.jpg]
[www.paylessled.com/img/author.png]
[ajax.googleapis.com/ajax/libs/jquery/1.11.1/jquery.min.js]
[www.paylessled.com/js/queryloader2.min.js]
[www.paylessled.com/js/wow.min.js]
[www.paylessled.com/js/bootstrap.min.js]
[www.paylessled.com/js/slick.min.js]
[www.paylessled.com/js/jquery.easing.1.3.js]
[www.paylessled.com/js/jquery.animate-enhanced.min.js]
[www.paylessled.com/js/jquery.superslides.min.js]
[www.paylessled.com/js/jquery.tosrus.min.all.js]
[cdn.rawgit.com/pguso/jquery-plugin-circliful/master/js/jquery.circliful.min.js]
[www.paylessled.com/js/custom.js]
[www.paylessled.com/index.html]
[www.paylessled.com/fonts/glyphicons-halflings-regular.eot]
[www.paylessled.com/fonts/glyphicons-halflings-regulard41d.eot]
[www.paylessled.com/fonts/glyphicons-halflings-regular.woff]
[www.paylessled.com/fonts/glyphicons-halflings-regular.ttf]
[www.paylessled.com/css/bootstrap.min.css]
[www.paylessled.com/fonts/fontawesome-webfont78ce.eot]
[www.paylessled.com/fonts/fontawesome-webfontd41d.eot]
[www.paylessled.com/fonts/fontawesome-webfont78ce.woff]
[www.paylessled.com/fonts/fontawesome-webfont78ce.ttf]
[www.paylessled.com/css/font-awesome.min.css]
[www.paylessled.com/img/slider/navigation-icon.png]
[www.paylessled.com/css/superslides.css]
[www.paylessled.com/css/ajax-loader.gif]
[www.paylessled.com/css/fonts/slick.eot]
[www.paylessled.com/css/fonts/slick.woff]
[www.paylessled.com/css/fonts/slickd41d.eot]
[www.paylessled.com/css/fonts/slick.ttf]
[www.paylessled.com/css/slick.css]
[cdn.rawgit.com/pguso/jquery-plugin-circliful/master/css/jquery.circliful.css]
[www.paylessled.com/css/animate.css]
[www.paylessled.com/css/queryLoader.html]
[www.paylessled.com/css/jquery.tosrus.all.css]
[www.paylessled.com/css/themes/default-theme.css]
[www.paylessled.com/img/bootom-top-arrow.png]
[www.paylessled.com/img/nav-prev.png]
[www.paylessled.com/img/nav-next.png]
[www.paylessled.com/img/skills_bg.jpg]
[www.paylessled.com/img/course-nav-prev.png]
[www.paylessled.com/img/course-nav-next.png]
[www.paylessled.com/img/banner.jpg]
[www.paylessled.com/style.css]
[www.paylessled.com/GET.html]
[www.paylessled.com/index-2.html]
[www.paylessled.com/img/course-1.jpg]
[www.paylessled.com/product-archive.html]
[www.paylessled.com/img/gallery/img-large1.jpg]
[www.paylessled.com/img/gallery/img-small1.jpg]
[www.paylessled.com/img/gallery/img-large2.jpg]
[www.paylessled.com/img/gallery/img-small2.jpg]
[www.paylessled.com/img/gallery/img-large3.jpg]
[www.paylessled.com/img/gallery/img-small3.jpg]
[www.paylessled.com/img/gallery/img-large4.jpg]
[www.paylessled.com/img/gallery/img-small4.jpg]
[www.paylessled.com/gallery.html]
[www.paylessled.com/contact.html]
[www.paylessled.com/fonts/glyphicons-halflings-regular.html]
[www.paylessled.com/fonts/glyphicons-halflings-regular.svg]
[www.paylessled.com/fonts/fontawesome-webfont78ce.svg]
[www.paylessled.com/css/fonts/slick.svg]
[www.paylessled.com/img/status.html]
